words=282 head=News 0 Story0-1 DRM local scheduling repeated task optimization Linux
words=60 head=kind,id,label,value item,1,value,4 item,2,value,5 item,3,value,6 item,4,value,7 item,5,value,8 item,6,value,9 item,7,value,10 item,8,value,11 item,9,value,12
words=142 head=Name: drm_mature_week Umask: 0022 State: R (running) Tgid: 13278 Ngid:
words=2 head=91deacccf75198a449f5cc1cdc9c46d03dea4d089a324a7e2aae0c4e860d7eef /mnt/data/drm_week_sim/results/mature/workspace/inputs/report_2.csv
ipc-ok:words=60 head=kind,id,label,value item,1,value,6 item,2,value,9 item,3,value,12 
words=6 head=runs=3 last=ipc-ok:words=60 head=kind,id,label,value item,1,value,6 item,2,value,9 item,3,value,12
words=8 head=runs=4 last=words=6 head=runs=3 last=ipc-ok:words=60 head=kind,id,label,value item,1,value,6 item,2,value,9 item,3,value,12
words=282 head=News 2 Story2-1 DRM local scheduling repeated task optimization Linux
ipc-ok:words=60 head=kind,id,label,value item,1,value,10 item,2,value,17 item,3,value,2
words=282 head=News 3 Story3-1 DRM local scheduling repeated task optimization Linux
words=60 head=kind,id,label,value item,1,value,11 item,2,value,19 item,3,value,27 item,4,value,35 item,5,value,43 item,6,value,51 item,7,value,59 item,8,value,67 item,9,value,75
words=142 head=Name: drm_mature_week Umask: 0022 State: R (running) Tgid: 13278 Ngid:
ipc-ok:words=60 head=kind,id,label,value item,1,value,12 item,2,value,21 item,3,value,3
words=282 head=News 3 Story3-1 DRM local scheduling repeated task optimization Linux
words=60 head=kind,id,label,value item,1,value,11 item,2,value,19 item,3,value,27 item,4,value,35 item,5,value,43 item,6,value,51 item,7,value,59 item,8,value,67 item,9,value,75
words=142 head=Name: drm_mature_week Umask: 0022 State: R (running) Tgid: 13278 Ngid:
ipc-ok:words=60 head=kind,id,label,value item,1,value,12 item,2,value,21 item,3,value,3
words=6 head=runs=13 last=ipc-ok:words=60 head=kind,id,label,value item,1,value,12 item,2,value,21 item,3,value,3
words=142 head=Name: drm_mature_week Umask: 0022 State: R (running) Tgid: 13278 Ngid:
words=2 head=d1233e201edccd66c74025b6d5315d4bab7ee73e0924878441597e6c964daa32 /mnt/data/drm_week_sim/results/mature/workspace/inputs/report_12.csv
words=12 head=runs=14 last=words=142 head=Name: drm_mature_week Umask: 0022 State: R (running) Tgid:
ipc-ok:words=60 head=kind,id,label,value item,1,value,16 item,2,value,29 item,3,value,4
words=282 head=News 4 Story4-1 DRM local scheduling repeated task optimization Linux
words=60 head=kind,id,label,value item,1,value,17 item,2,value,31 item,3,value,45 item,4,value,59 item,5,value,73 item,6,value,87 item,7,value,101 item,8,value,115 item,9,value,129
words=142 head=Name: drm_mature_week Umask: 0022 State: R (running) Tgid: 13278 Ngid:
words=282 head=News 5 Story5-1 DRM local scheduling repeated task optimization Linux
words=12 head=runs=18 last=words=282 head=News 5 Story5-1 DRM local scheduling repeated task
ipc-ok:words=60 head=kind,id,label,value item,1,value,7 item,2,value,11 item,3,value,15
words=12 head=ipc-ok:News 3 Story3-1 DRM local scheduling repeated task optimization Linux
words=60 head=kind,id,label,value item,1,value,11 item,2,value,19 item,3,value,27 item,4,value,35 item,5,value,43 item,6,value,51 item,7,value,59 item,8,value,67 item,9,value,75
ipc-ok:words=60 head=kind,id,label,value item,1,value,18 item,2,value,33 item,3,value,4
words=6 head=runs=22 last=ipc-ok:words=60 head=kind,id,label,value item,1,value,18 item,2,value,33 item,3,value,4
ipc-ok:words=60 head=kind,id,label,value item,1,value,5 item,2,value,7 item,3,value,9 i
words=12 head=ipc-ok:News 6 Story6-1 DRM local scheduling repeated task optimization Linux
ipc-ok:words=60 head=kind,id,label,value item,1,value,6 item,2,value,9 item,3,value,12 
words=142 head=Name: drm_mature_week Umask: 0022 State: R (running) Tgid: 13278 Ngid:
words=2 head=0a943808eff4e6f28bc83eb4fc7068a7fe50e13fe7edcd873ced2f8d7787bd24 /mnt/data/drm_week_sim/results/mature/workspace/inputs/report_4.csv
ipc-ok:words=60 head=kind,id,label,value item,1,value,8 item,2,value,13 item,3,value,18
ipc-ok:words=60 head=kind,id,label,value item,1,value,9 item,2,value,15 item,3,value,21
words=6 head=runs=27 last=ipc-ok:words=60 head=kind,id,label,value item,1,value,9 item,2,value,15 item,3,value,21
ipc-ok:words=2 head=c488af3fc4d165a40bbeb3536ee13f61305618f084e1db2eb71b9d638c4a91fc /m
words=142 head=Name: drm_mature_week Umask: 0022 State: R (running) Tgid: 13278 Ngid:
words=60 head=kind,id,label,value item,1,value,17 item,2,value,31 item,3,value,45 item,4,value,59 item,5,value,73 item,6,value,87 item,7,value,101 item,8,value,115 item,9,value,129
words=282 head=News 1 Story1-1 DRM local scheduling repeated task optimization Linux
ipc-ok:words=60 head=kind,id,label,value item,1,value,9 item,2,value,15 item,3,value,21
words=12 head=ipc-ok:News 7 Story7-1 DRM local scheduling repeated task optimization Linux
ipc-ok:words=60 head=kind,id,label,value item,1,value,10 item,2,value,17 item,3,value,2
words=142 head=Name: drm_mature_week Umask: 0022 State: R (running) Tgid: 13278 Ngid:
ipc-ok:words=60 head=kind,id,label,value item,1,value,13 item,2,value,23 item,3,value,3
words=8 head=runs=36 last=words=6 head=runs=35 last=ipc-ok:words=60 head=kind,id,label,value item,1,value,13 item,2,value,23 item,3,value,3
words=282 head=News 7 Story7-1 DRM local scheduling repeated task optimization Linux
ipc-ok:words=2 head=6531a15e9941cde15c19bb8277d13eee4180713855d725bef44e82a457a633ef /m
words=12 head=runs=37 last=words=282 head=News 7 Story7-1 DRM local scheduling repeated task
ipc-ok:words=60 head=kind,id,label,value item,1,value,11 item,2,value,19 item,3,value,2
words=2 head=f2d30564a58559630b7e9430abadde7cfbdcf1da0e09d1599fcb8a484334b14f /mnt/data/drm_week_sim/results/mature/workspace/inputs/report_9.csv
words=12 head=ipc-ok:News 1 Story1-1 DRM local scheduling repeated task optimization Linux
words=142 head=Name: drm_mature_week Umask: 0022 State: R (running) Tgid: 13278 Ngid:
words=2 head=c488af3fc4d165a40bbeb3536ee13f61305618f084e1db2eb71b9d638c4a91fc /mnt/data/drm_week_sim/results/mature/workspace/inputs/report_10.csv
ipc-ok:words=60 head=kind,id,label,value item,1,value,14 item,2,value,25 item,3,value,3
words=6 head=runs=40 last=ipc-ok:words=60 head=kind,id,label,value item,1,value,14 item,2,value,25 item,3,value,3
words=12 head=ipc-ok:News 2 Story2-1 DRM local scheduling repeated task optimization Linux
words=142 head=Name: drm_mature_week Umask: 0022 State: R (running) Tgid: 13278 Ngid:
words=2 head=d1233e201edccd66c74025b6d5315d4bab7ee73e0924878441597e6c964daa32 /mnt/data/drm_week_sim/results/mature/workspace/inputs/report_12.csv
ipc-ok:words=60 head=kind,id,label,value item,1,value,16 item,2,value,29 item,3,value,4
words=12 head=runs=44 last=words=12 head=runs=43 last=words=142 head=Name: drm_mature_week Umask: 0022 State: R
words=12 head=ipc-ok:News 3 Story3-1 DRM local scheduling repeated task optimization Linux
ipc-ok:words=60 head=kind,id,label,value item,1,value,5 item,2,value,7 item,3,value,9 i
words=142 head=Name: drm_mature_week Umask: 0022 State: R (running) Tgid: 13278 Ngid:
ipc-ok:words=60 head=kind,id,label,value item,1,value,10 item,2,value,17 item,3,value,2
words=2 head=c488af3fc4d165a40bbeb3536ee13f61305618f084e1db2eb71b9d638c4a91fc /mnt/data/drm_week_sim/results/mature/workspace/inputs/report_10.csv
words=6 head=runs=48 last=ipc-ok:words=60 head=kind,id,label,value item,1,value,10 item,2,value,17 item,3,value,2
words=60 head=kind,id,label,value item,1,value,9 item,2,value,15 item,3,value,21 item,4,value,27 item,5,value,33 item,6,value,39 item,7,value,45 item,8,value,51 item,9,value,57
ipc-ok:words=60 head=kind,id,label,value item,1,value,15 item,2,value,27 item,3,value,3
words=12 head=ipc-ok:News 4 Story4-1 DRM local scheduling repeated task optimization Linux
ipc-ok:words=60 head=kind,id,label,value item,1,value,6 item,2,value,9 item,3,value,12 
words=142 head=Name: drm_mature_week Umask: 0022 State: R (running) Tgid: 13278 Ngid:
ipc-ok:words=60 head=kind,id,label,value item,1,value,11 item,2,value,19 item,3,value,2
words=2 head=a00683e25e4f6a17254c8327fb565d48e2a17ff1616a10fd5fdb4160d7a6f8e2 /mnt/data/drm_week_sim/results/mature/workspace/inputs/report_11.csv
words=6 head=runs=52 last=ipc-ok:words=60 head=kind,id,label,value item,1,value,11 item,2,value,19 item,3,value,2
words=142 head=Name: drm_mature_week Umask: 0022 State: R (running) Tgid: 13278 Ngid:
words=12 head=runs=54 last=words=142 head=Name: drm_mature_week Umask: 0022 State: R (running) Tgid:
ipc-ok:words=60 head=kind,id,label,value item,1,value,16 item,2,value,29 item,3,value,4
words=12 head=ipc-ok:News 5 Story5-1 DRM local scheduling repeated task optimization Linux
ipc-ok:words=60 head=kind,id,label,value item,1,value,7 item,2,value,11 item,3,value,15
words=142 head=Name: drm_mature_week Umask: 0022 State: R (running) Tgid: 13278 Ngid:
ipc-ok:words=60 head=kind,id,label,value item,1,value,12 item,2,value,21 item,3,value,3
words=2 head=d1233e201edccd66c74025b6d5315d4bab7ee73e0924878441597e6c964daa32 /mnt/data/drm_week_sim/results/mature/workspace/inputs/report_12.csv
words=6 head=runs=57 last=ipc-ok:words=60 head=kind,id,label,value item,1,value,12 item,2,value,21 item,3,value,3
ipc-ok:words=2 head=c488af3fc4d165a40bbeb3536ee13f61305618f084e1db2eb71b9d638c4a91fc /m
words=282 head=News 7 Story7-1 DRM local scheduling repeated task optimization Linux
words=12 head=runs=59 last=words=282 head=News 7 Story7-1 DRM local scheduling repeated task
ipc-ok:words=60 head=kind,id,label,value item,1,value,17 item,2,value,31 item,3,value,4
words=12 head=ipc-ok:News 6 Story6-1 DRM local scheduling repeated task optimization Linux
ipc-ok:words=60 head=kind,id,label,value item,1,value,8 item,2,value,13 item,3,value,18
words=142 head=Name: drm_mature_week Umask: 0022 State: R (running) Tgid: 13278 Ngid:
ipc-ok:words=60 head=kind,id,label,value item,1,value,13 item,2,value,23 item,3,value,3
words=2 head=607d11ae66a0d304bad0bdab8e6a99aa53d020c5f84fd3371740eb7019edda0f /mnt/data/drm_week_sim/results/mature/workspace/inputs/report_13.csv
words=6 head=runs=62 last=ipc-ok:words=60 head=kind,id,label,value item,1,value,13 item,2,value,23 item,3,value,3
ipc-ok:words=60 head=kind,id,label,value item,1,value,17 item,2,value,31 item,3,value,4
ipc-ok:words=60 head=kind,id,label,value item,1,value,18 item,2,value,33 item,3,value,4
words=12 head=ipc-ok:News 7 Story7-1 DRM local scheduling repeated task optimization Linux
ipc-ok:words=60 head=kind,id,label,value item,1,value,9 item,2,value,15 item,3,value,21
words=142 head=Name: drm_mature_week Umask: 0022 State: R (running) Tgid: 13278 Ngid:
ipc-ok:words=60 head=kind,id,label,value item,1,value,14 item,2,value,25 item,3,value,3
words=2 head=6531a15e9941cde15c19bb8277d13eee4180713855d725bef44e82a457a633ef /mnt/data/drm_week_sim/results/mature/workspace/inputs/report_14.csv
words=6 head=runs=69 last=ipc-ok:words=60 head=kind,id,label,value item,1,value,14 item,2,value,25 item,3,value,3
words=60 head=kind,id,label,value item,1,value,5 item,2,value,7 item,3,value,9 item,4,value,11 item,5,value,13 item,6,value,15 item,7,value,17 item,8,value,19 item,9,value,21
ipc-ok:words=60 head=kind,id,label,value item,1,value,3 item,2,value,3 item,3,value,3 i
words=12 head=ipc-ok:News 1 Story1-1 DRM local scheduling repeated task optimization Linux
words=142 head=Name: drm_mature_week Umask: 0022 State: R (running) Tgid: 13278 Ngid:
words=2 head=a00683e25e4f6a17254c8327fb565d48e2a17ff1616a10fd5fdb4160d7a6f8e2 /mnt/data/drm_week_sim/results/mature/workspace/inputs/report_11.csv
ipc-ok:words=60 head=kind,id,label,value item,1,value,15 item,2,value,27 item,3,value,3
words=12 head=ipc-ok:News 2 Story2-1 DRM local scheduling repeated task optimization Linux
words=142 head=Name: drm_mature_week Umask: 0022 State: R (running) Tgid: 13278 Ngid:
words=2 head=607d11ae66a0d304bad0bdab8e6a99aa53d020c5f84fd3371740eb7019edda0f /mnt/data/drm_week_sim/results/mature/workspace/inputs/report_13.csv
ipc-ok:words=60 head=kind,id,label,value item,1,value,17 item,2,value,31 item,3,value,4
words=12 head=runs=76 last=words=12 head=runs=75 last=words=142 head=Name: drm_mature_week Umask: 0022 State: R
