words=60 head=kind,id,label,value item,1,value,3 item,2,value,3 item,3,value,3 item,4,value,3 item,5,value,3 item,6,value,3 item,7,value,3 item,8,value,3 item,9,value,3
words=1 head=runs=0
words=60 head=kind,id,label,value item,1,value,4 item,2,value,5 item,3,value,6 item,4,value,7 item,5,value,8 item,6,value,9 item,7,value,10 item,8,value,11 item,9,value,12
words=3 head=runs=1 last=words=1 head=runs=0
words=60 head=kind,id,label,value item,1,value,5 item,2,value,7 item,3,value,9 item,4,value,11 item,5,value,13 item,6,value,15 item,7,value,17 item,8,value,19 item,9,value,21
words=5 head=runs=2 last=words=3 head=runs=1 last=words=1 head=runs=0
words=60 head=kind,id,label,value item,1,value,6 item,2,value,9 item,3,value,12 item,4,value,15 item,5,value,18 item,6,value,21 item,7,value,24 item,8,value,27 item,9,value,30
words=7 head=runs=3 last=words=5 head=runs=2 last=words=3 head=runs=1 last=words=1 head=runs=0
words=60 head=kind,id,label,value item,1,value,3 item,2,value,3 item,3,value,3 item,4,value,3 item,5,value,3 item,6,value,3 item,7,value,3 item,8,value,3 item,9,value,3
words=9 head=runs=4 last=words=7 head=runs=3 last=words=5 head=runs=2 last=words=3 head=runs=1 last=words=1 head=runs=0
words=60 head=kind,id,label,value item,1,value,4 item,2,value,5 item,3,value,6 item,4,value,7 item,5,value,8 item,6,value,9 item,7,value,10 item,8,value,11 item,9,value,12
words=11 head=runs=5 last=words=9 head=runs=4 last=words=7 head=runs=3 last=words=5 head=runs=2 last=words=3 head=runs=1 last=words=1
words=60 head=kind,id,label,value item,1,value,5 item,2,value,7 item,3,value,9 item,4,value,11 item,5,value,13 item,6,value,15 item,7,value,17 item,8,value,19 item,9,value,21
words=11 head=runs=6 last=words=11 head=runs=5 last=words=9 head=runs=4 last=words=7 head=runs=3 last=words=5 head=runs=2 last=words=3
words=60 head=kind,id,label,value item,1,value,6 item,2,value,9 item,3,value,12 item,4,value,15 item,5,value,18 item,6,value,21 item,7,value,24 item,8,value,27 item,9,value,30
words=11 head=runs=7 last=words=11 head=runs=6 last=words=11 head=runs=5 last=words=9 head=runs=4 last=words=7 head=runs=3 last=words=5
words=60 head=kind,id,label,value item,1,value,3 item,2,value,3 item,3,value,3 item,4,value,3 item,5,value,3 item,6,value,3 item,7,value,3 item,8,value,3 item,9,value,3
words=2 head=1120f06773a19a14ae04174df8bf0016933006b1913ea05d9526a994a1b26176 /mnt/data/drm_staged_deploy/results/run3/workspace/inputs/report_1.csv
words=282 head=News 2 Story2-1 DRM local scheduling repeated task optimization Linux
words=11 head=runs=8 last=words=11 head=runs=7 last=words=11 head=runs=6 last=words=11 head=runs=5 last=words=9 head=runs=4 last=words=7
words=60 head=kind,id,label,value item,1,value,4 item,2,value,5 item,3,value,6 item,4,value,7 item,5,value,8 item,6,value,9 item,7,value,10 item,8,value,11 item,9,value,12
words=2 head=91deacccf75198a449f5cc1cdc9c46d03dea4d089a324a7e2aae0c4e860d7eef /mnt/data/drm_staged_deploy/results/run3/workspace/inputs/report_2.csv
words=282 head=News 3 Story3-1 DRM local scheduling repeated task optimization Linux
words=11 head=runs=10 last=words=11 head=runs=9 last=words=11 head=runs=8 last=words=11 head=runs=7 last=words=11 head=runs=6 last=words=11
words=60 head=kind,id,label,value item,1,value,5 item,2,value,7 item,3,value,9 item,4,value,11 item,5,value,13 item,6,value,15 item,7,value,17 item,8,value,19 item,9,value,21
words=2 head=8879e7d1ddf64d0bf2003727c1e665a9c86f95b5b6130b5fcf9423daa8070ebb /mnt/data/drm_staged_deploy/results/run3/workspace/inputs/report_3.csv
words=282 head=News 4 Story4-1 DRM local scheduling repeated task optimization Linux
words=11 head=runs=12 last=words=11 head=runs=11 last=words=11 head=runs=10 last=words=11 head=runs=9 last=words=11 head=runs=8 last=words=11
words=60 head=kind,id,label,value item,1,value,6 item,2,value,9 item,3,value,12 item,4,value,15 item,5,value,18 item,6,value,21 item,7,value,24 item,8,value,27 item,9,value,30
words=2 head=0a943808eff4e6f28bc83eb4fc7068a7fe50e13fe7edcd873ced2f8d7787bd24 /mnt/data/drm_staged_deploy/results/run3/workspace/inputs/report_4.csv
words=282 head=News 5 Story5-1 DRM local scheduling repeated task optimization Linux
words=11 head=runs=14 last=words=11 head=runs=13 last=words=11 head=runs=12 last=words=11 head=runs=11 last=words=11 head=runs=10 last=words=11
words=60 head=kind,id,label,value item,1,value,7 item,2,value,11 item,3,value,15 item,4,value,19 item,5,value,23 item,6,value,27 item,7,value,31 item,8,value,35 item,9,value,39
words=2 head=cc9146f395ef7ae1434a0b7d6c12bfed7c89d2b50c9383d2b1c8f07000a4bdc4 /mnt/data/drm_staged_deploy/results/run3/workspace/inputs/report_5.csv
words=282 head=News 6 Story6-1 DRM local scheduling repeated task optimization Linux
words=11 head=runs=16 last=words=11 head=runs=15 last=words=11 head=runs=14 last=words=11 head=runs=13 last=words=11 head=runs=12 last=words=11
words=60 head=kind,id,label,value item,1,value,8 item,2,value,13 item,3,value,18 item,4,value,23 item,5,value,28 item,6,value,33 item,7,value,38 item,8,value,43 item,9,value,48
words=2 head=db85c06df1841aed75dbf9ed270ba558a91a1da037bc0e94046606c683a39976 /mnt/data/drm_staged_deploy/results/run3/workspace/inputs/report_6.csv
words=282 head=News 7 Story7-1 DRM local scheduling repeated task optimization Linux
words=11 head=runs=18 last=words=11 head=runs=17 last=words=11 head=runs=16 last=words=11 head=runs=15 last=words=11 head=runs=14 last=words=11
words=60 head=kind,id,label,value item,1,value,9 item,2,value,15 item,3,value,21 item,4,value,27 item,5,value,33 item,6,value,39 item,7,value,45 item,8,value,51 item,9,value,57
words=2 head=0ae198c460fd1c21821e69b79c96fdfd99233cecb8eea7516c2d65e46cf7f8e0 /mnt/data/drm_staged_deploy/results/run3/workspace/inputs/report_7.csv
words=282 head=News 0 Story0-1 DRM local scheduling repeated task optimization Linux
words=11 head=runs=20 last=words=11 head=runs=19 last=words=11 head=runs=18 last=words=11 head=runs=17 last=words=11 head=runs=16 last=words=11
words=60 head=kind,id,label,value item,1,value,10 item,2,value,17 item,3,value,24 item,4,value,31 item,5,value,38 item,6,value,45 item,7,value,52 item,8,value,59 item,9,value,66
words=2 head=c75f0e41cc617d70619cdfce9dda430de8b48eb9422bbae21196b2f014bc91b2 /mnt/data/drm_staged_deploy/results/run3/workspace/inputs/report_8.csv
words=282 head=News 1 Story1-1 DRM local scheduling repeated task optimization Linux
words=11 head=runs=22 last=words=11 head=runs=21 last=words=11 head=runs=20 last=words=11 head=runs=19 last=words=11 head=runs=18 last=words=11
words=60 head=kind,id,label,value item,1,value,11 item,2,value,19 item,3,value,27 item,4,value,35 item,5,value,43 item,6,value,51 item,7,value,59 item,8,value,67 item,9,value,75
words=2 head=f2d30564a58559630b7e9430abadde7cfbdcf1da0e09d1599fcb8a484334b14f /mnt/data/drm_staged_deploy/results/run3/workspace/inputs/report_9.csv
words=282 head=News 2 Story2-1 DRM local scheduling repeated task optimization Linux
words=11 head=runs=24 last=words=11 head=runs=23 last=words=11 head=runs=22 last=words=11 head=runs=21 last=words=11 head=runs=20 last=words=11
words=60 head=kind,id,label,value item,1,value,12 item,2,value,21 item,3,value,30 item,4,value,39 item,5,value,48 item,6,value,57 item,7,value,66 item,8,value,75 item,9,value,84
words=2 head=c488af3fc4d165a40bbeb3536ee13f61305618f084e1db2eb71b9d638c4a91fc /mnt/data/drm_staged_deploy/results/run3/workspace/inputs/report_10.csv
words=282 head=News 3 Story3-1 DRM local scheduling repeated task optimization Linux
words=11 head=runs=26 last=words=11 head=runs=25 last=words=11 head=runs=24 last=words=11 head=runs=23 last=words=11 head=runs=22 last=words=11
words=60 head=kind,id,label,value item,1,value,13 item,2,value,23 item,3,value,33 item,4,value,43 item,5,value,53 item,6,value,63 item,7,value,73 item,8,value,83 item,9,value,93
words=2 head=a00683e25e4f6a17254c8327fb565d48e2a17ff1616a10fd5fdb4160d7a6f8e2 /mnt/data/drm_staged_deploy/results/run3/workspace/inputs/report_11.csv
words=282 head=News 4 Story4-1 DRM local scheduling repeated task optimization Linux
words=11 head=runs=28 last=words=11 head=runs=27 last=words=11 head=runs=26 last=words=11 head=runs=25 last=words=11 head=runs=24 last=words=11
words=60 head=kind,id,label,value item,1,value,14 item,2,value,25 item,3,value,36 item,4,value,47 item,5,value,58 item,6,value,69 item,7,value,80 item,8,value,91 item,9,value,102
words=2 head=d1233e201edccd66c74025b6d5315d4bab7ee73e0924878441597e6c964daa32 /mnt/data/drm_staged_deploy/results/run3/workspace/inputs/report_12.csv
words=282 head=News 5 Story5-1 DRM local scheduling repeated task optimization Linux
words=11 head=runs=30 last=words=11 head=runs=29 last=words=11 head=runs=28 last=words=11 head=runs=27 last=words=11 head=runs=26 last=words=11
words=60 head=kind,id,label,value item,1,value,3 item,2,value,3 item,3,value,3 item,4,value,3 item,5,value,3 item,6,value,3 item,7,value,3 item,8,value,3 item,9,value,3
words=282 head=News 1 Story1-1 DRM local scheduling repeated task optimization Linux
words=12 head=runs=33 last=words=282 head=News 1 Story1-1 DRM local scheduling repeated task
ipc-ok:words=60 head=kind,id,label,value item,1,value,7 item,2,value,11 item,3,value,15
words=6 head=runs=34 last=ipc-ok:words=60 head=kind,id,label,value item,1,value,7 item,2,value,11 item,3,value,15
ipc-ok:words=2 head=c75f0e41cc617d70619cdfce9dda430de8b48eb9422bbae21196b2f014bc91b2 /m
words=142 head=Name: drm_staged_depl Umask: 0022 State: R (running) Tgid: 12108 Ngid:
words=60 head=kind,id,label,value item,1,value,15 item,2,value,27 item,3,value,39 item,4,value,51 item,5,value,63 item,6,value,75 item,7,value,87 item,8,value,99 item,9,value,111
words=282 head=News 5 Story5-1 DRM local scheduling repeated task optimization Linux
words=12 head=runs=38 last=words=282 head=News 5 Story5-1 DRM local scheduling repeated task
ipc-ok:words=60 head=kind,id,label,value item,1,value,3 item,2,value,3 item,3,value,3 i
words=7 head=runs=39 last=ipc-ok:words=60 head=kind,id,label,value item,1,value,3 item,2,value,3 item,3,value,3 i
ipc-ok:words=2 head=0a943808eff4e6f28bc83eb4fc7068a7fe50e13fe7edcd873ced2f8d7787bd24 /m
words=142 head=Name: drm_staged_depl Umask: 0022 State: R (running) Tgid: 12108 Ngid:
words=60 head=kind,id,label,value item,1,value,11 item,2,value,19 item,3,value,27 item,4,value,35 item,5,value,43 item,6,value,51 item,7,value,59 item,8,value,67 item,9,value,75
words=282 head=News 1 Story1-1 DRM local scheduling repeated task optimization Linux
words=12 head=runs=43 last=words=282 head=News 1 Story1-1 DRM local scheduling repeated task
ipc-ok:words=60 head=kind,id,label,value item,1,value,15 item,2,value,27 item,3,value,3
words=6 head=runs=44 last=ipc-ok:words=60 head=kind,id,label,value item,1,value,15 item,2,value,27 item,3,value,3
ipc-ok:words=2 head=ab48e59df3b8a7e63a9911a9c9479e427e1126b01ba03ac460be305abd50fc38 /m
words=142 head=Name: drm_staged_depl Umask: 0022 State: R (running) Tgid: 12108 Ngid:
words=60 head=kind,id,label,value item,1,value,7 item,2,value,11 item,3,value,15 item,4,value,19 item,5,value,23 item,6,value,27 item,7,value,31 item,8,value,35 item,9,value,39
words=282 head=News 5 Story5-1 DRM local scheduling repeated task optimization Linux
words=12 head=runs=48 last=words=282 head=News 5 Story5-1 DRM local scheduling repeated task
ipc-ok:words=60 head=kind,id,label,value item,1,value,11 item,2,value,19 item,3,value,2
words=6 head=runs=49 last=ipc-ok:words=60 head=kind,id,label,value item,1,value,11 item,2,value,19 item,3,value,2
ipc-ok:words=2 head=d1233e201edccd66c74025b6d5315d4bab7ee73e0924878441597e6c964daa32 /m
words=142 head=Name: drm_staged_depl Umask: 0022 State: R (running) Tgid: 12108 Ngid:
words=60 head=kind,id,label,value item,1,value,3 item,2,value,3 item,3,value,3 item,4,value,3 item,5,value,3 item,6,value,3 item,7,value,3 item,8,value,3 item,9,value,3
words=282 head=News 1 Story1-1 DRM local scheduling repeated task optimization Linux
words=12 head=runs=53 last=words=282 head=News 1 Story1-1 DRM local scheduling repeated task
ipc-ok:words=60 head=kind,id,label,value item,1,value,7 item,2,value,11 item,3,value,15
words=6 head=runs=54 last=ipc-ok:words=60 head=kind,id,label,value item,1,value,7 item,2,value,11 item,3,value,15
ipc-ok:words=2 head=c75f0e41cc617d70619cdfce9dda430de8b48eb9422bbae21196b2f014bc91b2 /m
words=142 head=Name: drm_staged_depl Umask: 0022 State: R (running) Tgid: 12108 Ngid:
words=60 head=kind,id,label,value item,1,value,15 item,2,value,27 item,3,value,39 item,4,value,51 item,5,value,63 item,6,value,75 item,7,value,87 item,8,value,99 item,9,value,111
words=282 head=News 5 Story5-1 DRM local scheduling repeated task optimization Linux
words=12 head=runs=58 last=words=282 head=News 5 Story5-1 DRM local scheduling repeated task
ipc-ok:words=60 head=kind,id,label,value item,1,value,3 item,2,value,3 item,3,value,3 i
words=7 head=runs=59 last=ipc-ok:words=60 head=kind,id,label,value item,1,value,3 item,2,value,3 item,3,value,3 i
ipc-ok:words=2 head=0a943808eff4e6f28bc83eb4fc7068a7fe50e13fe7edcd873ced2f8d7787bd24 /m
words=142 head=Name: drm_staged_depl Umask: 0022 State: R (running) Tgid: 12108 Ngid:
words=60 head=kind,id,label,value item,1,value,8 item,2,value,13 item,3,value,18 item,4,value,23 item,5,value,28 item,6,value,33 item,7,value,38 item,8,value,43 item,9,value,48
words=142 head=Name: drm_staged_depl Umask: 0022 State: R (running) Tgid: 12108 Ngid:
words=12 head=runs=63 last=words=142 head=Name: drm_staged_depl Umask: 0022 State: R (running) Tgid:
ipc-ok:words=2 head=f2d30564a58559630b7e9430abadde7cfbdcf1da0e09d1599fcb8a484334b14f /m
words=282 head=News 0 Story0-1 DRM local scheduling repeated task optimization Linux
words=12 head=runs=64 last=words=282 head=News 0 Story0-1 DRM local scheduling repeated task
words=60 head=kind,id,label,value item,1,value,15 item,2,value,27 item,3,value,39 item,4,value,51 item,5,value,63 item,6,value,75 item,7,value,87 item,8,value,99 item,9,value,111
words=142 head=Name: drm_staged_depl Umask: 0022 State: R (running) Tgid: 12108 Ngid:
words=12 head=runs=65 last=words=142 head=Name: drm_staged_depl Umask: 0022 State: R (running) Tgid:
ipc-ok:words=2 head=ab48e59df3b8a7e63a9911a9c9479e427e1126b01ba03ac460be305abd50fc38 /m
words=282 head=News 7 Story7-1 DRM local scheduling repeated task optimization Linux
words=12 head=runs=66 last=words=282 head=News 7 Story7-1 DRM local scheduling repeated task
words=60 head=kind,id,label,value item,1,value,6 item,2,value,9 item,3,value,12 item,4,value,15 item,5,value,18 item,6,value,21 item,7,value,24 item,8,value,27 item,9,value,30
ipc-ok:words=142 head=Name: drm_staged_depl Umask: 0022 State: R (running) Tgid: 12108 
words=142 head=Name: drm_staged_depl Umask: 0022 State: R (running) Tgid: 12108 Ngid:
words=12 head=runs=67 last=words=142 head=Name: drm_staged_depl Umask: 0022 State: R (running) Tgid:
ipc-ok:words=2 head=0ae198c460fd1c21821e69b79c96fdfd99233cecb8eea7516c2d65e46cf7f8e0 /m
words=282 head=News 6 Story6-1 DRM local scheduling repeated task optimization Linux
words=12 head=runs=68 last=words=282 head=News 6 Story6-1 DRM local scheduling repeated task
words=60 head=kind,id,label,value item,1,value,13 item,2,value,23 item,3,value,33 item,4,value,43 item,5,value,53 item,6,value,63 item,7,value,73 item,8,value,83 item,9,value,93
words=142 head=Name: drm_staged_depl Umask: 0022 State: R (running) Tgid: 12108 Ngid:
words=12 head=runs=69 last=words=142 head=Name: drm_staged_depl Umask: 0022 State: R (running) Tgid:
ipc-ok:words=2 head=6531a15e9941cde15c19bb8277d13eee4180713855d725bef44e82a457a633ef /m
words=282 head=News 5 Story5-1 DRM local scheduling repeated task optimization Linux
words=12 head=runs=70 last=words=282 head=News 5 Story5-1 DRM local scheduling repeated task
words=60 head=kind,id,label,value item,1,value,4 item,2,value,5 item,3,value,6 item,4,value,7 item,5,value,8 item,6,value,9 item,7,value,10 item,8,value,11 item,9,value,12
words=142 head=Name: drm_staged_depl Umask: 0022 State: R (running) Tgid: 12108 Ngid:
words=12 head=runs=71 last=words=142 head=Name: drm_staged_depl Umask: 0022 State: R (running) Tgid:
ipc-ok:words=2 head=cc9146f395ef7ae1434a0b7d6c12bfed7c89d2b50c9383d2b1c8f07000a4bdc4 /m
words=282 head=News 4 Story4-1 DRM local scheduling repeated task optimization Linux
words=12 head=runs=72 last=words=282 head=News 4 Story4-1 DRM local scheduling repeated task
words=60 head=kind,id,label,value item,1,value,11 item,2,value,19 item,3,value,27 item,4,value,35 item,5,value,43 item,6,value,51 item,7,value,59 item,8,value,67 item,9,value,75
words=142 head=Name: drm_staged_depl Umask: 0022 State: R (running) Tgid: 12108 Ngid:
words=12 head=runs=73 last=words=142 head=Name: drm_staged_depl Umask: 0022 State: R (running) Tgid:
ipc-ok:words=2 head=d1233e201edccd66c74025b6d5315d4bab7ee73e0924878441597e6c964daa32 /m
words=282 head=News 3 Story3-1 DRM local scheduling repeated task optimization Linux
words=12 head=runs=74 last=words=282 head=News 3 Story3-1 DRM local scheduling repeated task
words=60 head=kind,id,label,value item,1,value,18 item,2,value,33 item,3,value,48 item,4,value,63 item,5,value,78 item,6,value,93 item,7,value,108 item,8,value,123 item,9,value,138
words=142 head=Name: drm_staged_depl Umask: 0022 State: R (running) Tgid: 12108 Ngid:
words=12 head=runs=75 last=words=142 head=Name: drm_staged_depl Umask: 0022 State: R (running) Tgid:
ipc-ok:words=2 head=8879e7d1ddf64d0bf2003727c1e665a9c86f95b5b6130b5fcf9423daa8070ebb /m
words=282 head=News 2 Story2-1 DRM local scheduling repeated task optimization Linux
words=12 head=runs=76 last=words=282 head=News 2 Story2-1 DRM local scheduling repeated task
words=60 head=kind,id,label,value item,1,value,9 item,2,value,15 item,3,value,21 item,4,value,27 item,5,value,33 item,6,value,39 item,7,value,45 item,8,value,51 item,9,value,57
ipc-ok:words=142 head=Name: drm_staged_depl Umask: 0022 State: R (running) Tgid: 12108 
words=142 head=Name: drm_staged_depl Umask: 0022 State: R (running) Tgid: 12108 Ngid:
words=12 head=runs=77 last=words=142 head=Name: drm_staged_depl Umask: 0022 State: R (running) Tgid:
ipc-ok:words=2 head=c488af3fc4d165a40bbeb3536ee13f61305618f084e1db2eb71b9d638c4a91fc /m
words=282 head=News 1 Story1-1 DRM local scheduling repeated task optimization Linux
words=12 head=runs=78 last=words=282 head=News 1 Story1-1 DRM local scheduling repeated task
words=60 head=kind,id,label,value item,1,value,16 item,2,value,29 item,3,value,42 item,4,value,55 item,5,value,68 item,6,value,81 item,7,value,94 item,8,value,107 item,9,value,120
words=142 head=Name: drm_staged_depl Umask: 0022 State: R (running) Tgid: 12108 Ngid:
words=12 head=runs=79 last=words=142 head=Name: drm_staged_depl Umask: 0022 State: R (running) Tgid:
ipc-ok:words=2 head=1120f06773a19a14ae04174df8bf0016933006b1913ea05d9526a994a1b26176 /m
words=282 head=News 0 Story0-1 DRM local scheduling repeated task optimization Linux
words=12 head=runs=80 last=words=282 head=News 0 Story0-1 DRM local scheduling repeated task
words=60 head=kind,id,label,value item,1,value,7 item,2,value,11 item,3,value,15 item,4,value,19 item,5,value,23 item,6,value,27 item,7,value,31 item,8,value,35 item,9,value,39
words=142 head=Name: drm_staged_depl Umask: 0022 State: R (running) Tgid: 12108 Ngid:
words=12 head=runs=81 last=words=142 head=Name: drm_staged_depl Umask: 0022 State: R (running) Tgid:
ipc-ok:words=2 head=c75f0e41cc617d70619cdfce9dda430de8b48eb9422bbae21196b2f014bc91b2 /m
words=282 head=News 7 Story7-1 DRM local scheduling repeated task optimization Linux
words=12 head=runs=82 last=words=282 head=News 7 Story7-1 DRM local scheduling repeated task
words=60 head=kind,id,label,value item,1,value,14 item,2,value,25 item,3,value,36 item,4,value,47 item,5,value,58 item,6,value,69 item,7,value,80 item,8,value,91 item,9,value,102
words=142 head=Name: drm_staged_depl Umask: 0022 State: R (running) Tgid: 12108 Ngid:
words=12 head=runs=83 last=words=142 head=Name: drm_staged_depl Umask: 0022 State: R (running) Tgid:
ipc-ok:words=2 head=5480ad2a7b71ca2ebdd943afeb9deacc275acdf06e0cdc18a93aef486ea32b46 /m
words=282 head=News 6 Story6-1 DRM local scheduling repeated task optimization Linux
words=12 head=runs=84 last=words=282 head=News 6 Story6-1 DRM local scheduling repeated task
words=60 head=kind,id,label,value item,1,value,5 item,2,value,7 item,3,value,9 item,4,value,11 item,5,value,13 item,6,value,15 item,7,value,17 item,8,value,19 item,9,value,21
words=142 head=Name: drm_staged_depl Umask: 0022 State: R (running) Tgid: 12108 Ngid:
words=12 head=runs=85 last=words=142 head=Name: drm_staged_depl Umask: 0022 State: R (running) Tgid:
ipc-ok:words=2 head=db85c06df1841aed75dbf9ed270ba558a91a1da037bc0e94046606c683a39976 /m
words=282 head=News 5 Story5-1 DRM local scheduling repeated task optimization Linux
words=12 head=runs=86 last=words=282 head=News 5 Story5-1 DRM local scheduling repeated task
words=60 head=kind,id,label,value item,1,value,12 item,2,value,21 item,3,value,30 item,4,value,39 item,5,value,48 item,6,value,57 item,7,value,66 item,8,value,75 item,9,value,84
ipc-ok:words=142 head=Name: drm_staged_depl Umask: 0022 State: R (running) Tgid: 12108 
words=142 head=Name: drm_staged_depl Umask: 0022 State: R (running) Tgid: 12108 Ngid:
words=12 head=runs=87 last=words=142 head=Name: drm_staged_depl Umask: 0022 State: R (running) Tgid:
ipc-ok:words=2 head=607d11ae66a0d304bad0bdab8e6a99aa53d020c5f84fd3371740eb7019edda0f /m
words=282 head=News 4 Story4-1 DRM local scheduling repeated task optimization Linux
words=12 head=runs=88 last=words=282 head=News 4 Story4-1 DRM local scheduling repeated task
words=60 head=kind,id,label,value item,1,value,3 item,2,value,3 item,3,value,3 item,4,value,3 item,5,value,3 item,6,value,3 item,7,value,3 item,8,value,3 item,9,value,3
words=142 head=Name: drm_staged_depl Umask: 0022 State: R (running) Tgid: 12108 Ngid:
words=12 head=runs=89 last=words=142 head=Name: drm_staged_depl Umask: 0022 State: R (running) Tgid:
ipc-ok:words=2 head=0a943808eff4e6f28bc83eb4fc7068a7fe50e13fe7edcd873ced2f8d7787bd24 /m
words=60 head=kind,id,label,value item,1,value,8 item,2,value,13 item,3,value,18 item,4,value,23 item,5,value,28 item,6,value,33 item,7,value,38 item,8,value,43 item,9,value,48
words=142 head=Name: drm_staged_depl Umask: 0022 State: R (running) Tgid: 12108 Ngid:
words=12 head=runs=90 last=words=142 head=Name: drm_staged_depl Umask: 0022 State: R (running) Tgid:
ipc-ok:words=2 head=f2d30564a58559630b7e9430abadde7cfbdcf1da0e09d1599fcb8a484334b14f /m
words=282 head=News 0 Story0-1 DRM local scheduling repeated task optimization Linux
words=12 head=runs=91 last=words=282 head=News 0 Story0-1 DRM local scheduling repeated task
words=60 head=kind,id,label,value item,1,value,15 item,2,value,27 item,3,value,39 item,4,value,51 item,5,value,63 item,6,value,75 item,7,value,87 item,8,value,99 item,9,value,111
words=142 head=Name: drm_staged_depl Umask: 0022 State: R (running) Tgid: 12108 Ngid:
words=12 head=runs=92 last=words=142 head=Name: drm_staged_depl Umask: 0022 State: R (running) Tgid:
ipc-ok:words=2 head=ab48e59df3b8a7e63a9911a9c9479e427e1126b01ba03ac460be305abd50fc38 /m
words=282 head=News 7 Story7-1 DRM local scheduling repeated task optimization Linux
words=12 head=runs=93 last=words=282 head=News 7 Story7-1 DRM local scheduling repeated task
words=60 head=kind,id,label,value item,1,value,6 item,2,value,9 item,3,value,12 item,4,value,15 item,5,value,18 item,6,value,21 item,7,value,24 item,8,value,27 item,9,value,30
ipc-ok:words=142 head=Name: drm_staged_depl Umask: 0022 State: R (running) Tgid: 12108 
words=142 head=Name: drm_staged_depl Umask: 0022 State: R (running) Tgid: 12108 Ngid:
words=12 head=runs=94 last=words=142 head=Name: drm_staged_depl Umask: 0022 State: R (running) Tgid:
ipc-ok:words=2 head=0ae198c460fd1c21821e69b79c96fdfd99233cecb8eea7516c2d65e46cf7f8e0 /m
words=282 head=News 6 Story6-1 DRM local scheduling repeated task optimization Linux
words=12 head=runs=95 last=words=282 head=News 6 Story6-1 DRM local scheduling repeated task
words=60 head=kind,id,label,value item,1,value,13 item,2,value,23 item,3,value,33 item,4,value,43 item,5,value,53 item,6,value,63 item,7,value,73 item,8,value,83 item,9,value,93
words=142 head=Name: drm_staged_depl Umask: 0022 State: R (running) Tgid: 12108 Ngid:
words=12 head=runs=96 last=words=142 head=Name: drm_staged_depl Umask: 0022 State: R (running) Tgid:
ipc-ok:words=2 head=6531a15e9941cde15c19bb8277d13eee4180713855d725bef44e82a457a633ef /m
words=282 head=News 5 Story5-1 DRM local scheduling repeated task optimization Linux
words=12 head=runs=97 last=words=282 head=News 5 Story5-1 DRM local scheduling repeated task
words=60 head=kind,id,label,value item,1,value,4 item,2,value,5 item,3,value,6 item,4,value,7 item,5,value,8 item,6,value,9 item,7,value,10 item,8,value,11 item,9,value,12
words=142 head=Name: drm_staged_depl Umask: 0022 State: R (running) Tgid: 12108 Ngid:
words=12 head=runs=98 last=words=142 head=Name: drm_staged_depl Umask: 0022 State: R (running) Tgid:
ipc-ok:words=2 head=cc9146f395ef7ae1434a0b7d6c12bfed7c89d2b50c9383d2b1c8f07000a4bdc4 /m
words=282 head=News 4 Story4-1 DRM local scheduling repeated task optimization Linux
words=12 head=runs=99 last=words=282 head=News 4 Story4-1 DRM local scheduling repeated task
words=60 head=kind,id,label,value item,1,value,11 item,2,value,19 item,3,value,27 item,4,value,35 item,5,value,43 item,6,value,51 item,7,value,59 item,8,value,67 item,9,value,75
words=142 head=Name: drm_staged_depl Umask: 0022 State: R (running) Tgid: 12108 Ngid:
words=12 head=runs=100 last=words=142 head=Name: drm_staged_depl Umask: 0022 State: R (running) Tgid:
ipc-ok:words=2 head=d1233e201edccd66c74025b6d5315d4bab7ee73e0924878441597e6c964daa32 /m
words=282 head=News 3 Story3-1 DRM local scheduling repeated task optimization Linux
words=12 head=runs=101 last=words=282 head=News 3 Story3-1 DRM local scheduling repeated task
words=60 head=kind,id,label,value item,1,value,18 item,2,value,33 item,3,value,48 item,4,value,63 item,5,value,78 item,6,value,93 item,7,value,108 item,8,value,123 item,9,value,138
words=142 head=Name: drm_staged_depl Umask: 0022 State: R (running) Tgid: 12108 Ngid:
words=12 head=runs=102 last=words=142 head=Name: drm_staged_depl Umask: 0022 State: R (running) Tgid:
ipc-ok:words=2 head=8879e7d1ddf64d0bf2003727c1e665a9c86f95b5b6130b5fcf9423daa8070ebb /m
words=282 head=News 2 Story2-1 DRM local scheduling repeated task optimization Linux
words=60 head=kind,id,label,value item,1,value,16 item,2,value,29 item,3,value,42 item,4,value,55 item,5,value,68 item,6,value,81 item,7,value,94 item,8,value,107 item,9,value,120
words=282 head=News 7 Story7-1 DRM local scheduling repeated task optimization Linux
ipc-ok:words=2 head=6531a15e9941cde15c19bb8277d13eee4180713855d725bef44e82a457a633ef /m
words=7 head=runs=105 last=words=5 head=ipc-ok:kind,id,label,value item,1,value,18 item,2,value,33 item,3,value,48 item,4,value
ipc-ok:words=60 head=kind,id,label,value item,1,value,8 item,2,value,13 item,3,value,18
words=6 head=runs=106 last=ipc-ok:words=60 head=kind,id,label,value item,1,value,8 item,2,value,13 item,3,value,18
ipc-ok:words=2 head=f2d30564a58559630b7e9430abadde7cfbdcf1da0e09d1599fcb8a484334b14f /m
words=142 head=Name: drm_staged_depl Umask: 0022 State: R (running) Tgid: 12108 Ngid:
words=60 head=kind,id,label,value item,1,value,16 item,2,value,29 item,3,value,42 item,4,value,55 item,5,value,68 item,6,value,81 item,7,value,94 item,8,value,107 item,9,value,120
words=282 head=News 3 Story3-1 DRM local scheduling repeated task optimization Linux
words=12 head=runs=110 last=words=282 head=News 3 Story3-1 DRM local scheduling repeated task
ipc-ok:words=60 head=kind,id,label,value item,1,value,4 item,2,value,5 item,3,value,6 i
words=7 head=runs=111 last=ipc-ok:words=60 head=kind,id,label,value item,1,value,4 item,2,value,5 item,3,value,6 i
ipc-ok:words=2 head=cc9146f395ef7ae1434a0b7d6c12bfed7c89d2b50c9383d2b1c8f07000a4bdc4 /m
words=142 head=Name: drm_staged_depl Umask: 0022 State: R (running) Tgid: 12108 Ngid:
words=60 head=kind,id,label,value item,1,value,12 item,2,value,21 item,3,value,30 item,4,value,39 item,5,value,48 item,6,value,57 item,7,value,66 item,8,value,75 item,9,value,84
words=282 head=News 7 Story7-1 DRM local scheduling repeated task optimization Linux
words=12 head=runs=115 last=words=282 head=News 7 Story7-1 DRM local scheduling repeated task
ipc-ok:words=60 head=kind,id,label,value item,1,value,16 item,2,value,29 item,3,value,4
words=6 head=runs=116 last=ipc-ok:words=60 head=kind,id,label,value item,1,value,16 item,2,value,29 item,3,value,4
ipc-ok:words=2 head=1120f06773a19a14ae04174df8bf0016933006b1913ea05d9526a994a1b26176 /m
words=142 head=Name: drm_staged_depl Umask: 0022 State: R (running) Tgid: 12108 Ngid:
words=60 head=kind,id,label,value item,1,value,8 item,2,value,13 item,3,value,18 item,4,value,23 item,5,value,28 item,6,value,33 item,7,value,38 item,8,value,43 item,9,value,48
words=282 head=News 3 Story3-1 DRM local scheduling repeated task optimization Linux
words=12 head=runs=120 last=words=282 head=News 3 Story3-1 DRM local scheduling repeated task
ipc-ok:words=60 head=kind,id,label,value item,1,value,12 item,2,value,21 item,3,value,3
words=6 head=runs=121 last=ipc-ok:words=60 head=kind,id,label,value item,1,value,12 item,2,value,21 item,3,value,3
ipc-ok:words=2 head=607d11ae66a0d304bad0bdab8e6a99aa53d020c5f84fd3371740eb7019edda0f /m
words=142 head=Name: drm_staged_depl Umask: 0022 State: R (running) Tgid: 12108 Ngid:
words=60 head=kind,id,label,value item,1,value,4 item,2,value,5 item,3,value,6 item,4,value,7 item,5,value,8 item,6,value,9 item,7,value,10 item,8,value,11 item,9,value,12
words=282 head=News 7 Story7-1 DRM local scheduling repeated task optimization Linux
words=282 head=News 2 Story2-1 DRM local scheduling repeated task optimization Linux
words=282 head=News 2 Story2-1 DRM local scheduling repeated task optimization Linux
words=60 head=kind,id,label,value item,1,value,3 item,2,value,3 item,3,value,3 item,4,value,3 item,5,value,3 item,6,value,3 item,7,value,3 item,8,value,3 item,9,value,3
words=60 head=kind,id,label,value item,1,value,3 item,2,value,3 item,3,value,3 item,4,value,3 item,5,value,3 item,6,value,3 item,7,value,3 item,8,value,3 item,9,value,3
words=2 head=1120f06773a19a14ae04174df8bf0016933006b1913ea05d9526a994a1b26176 /mnt/data/drm_staged_deploy/results/run3/workspace/inputs/report_1.csv
words=2 head=1120f06773a19a14ae04174df8bf0016933006b1913ea05d9526a994a1b26176 /mnt/data/drm_staged_deploy/results/run3/workspace/inputs/report_1.csv
words=60 head=kind,id,label,value item,1,value,3 item,2,value,3 item,3,value,3 item,4,value,3 item,5,value,3 item,6,value,3 item,7,value,3 item,8,value,3 item,9,value,3
words=2 head=1120f06773a19a14ae04174df8bf0016933006b1913ea05d9526a994a1b26176 /mnt/data/drm_staged_deploy/results/run3/workspace/inputs/report_1.csv
words=282 head=News 2 Story2-1 DRM local scheduling repeated task optimization Linux
words=12 head=runs=125 last=words=282 head=News 7 Story7-1 DRM local scheduling repeated task
words=12 head=runs=126 last=words=12 head=runs=125 last=words=282 head=News 7 Story7-1 DRM local scheduling
words=60 head=kind,id,label,value item,1,value,4 item,2,value,5 item,3,value,6 item,4,value,7 item,5,value,8 item,6,value,9 item,7,value,10 item,8,value,11 item,9,value,12
words=2 head=91deacccf75198a449f5cc1cdc9c46d03dea4d089a324a7e2aae0c4e860d7eef /mnt/data/drm_staged_deploy/results/run3/workspace/inputs/report_2.csv
words=282 head=News 3 Story3-1 DRM local scheduling repeated task optimization Linux
words=12 head=runs=127 last=words=12 head=runs=126 last=words=12 head=runs=125 last=words=282 head=News 7 Story7-1 DRM
words=60 head=kind,id,label,value item,1,value,5 item,2,value,7 item,3,value,9 item,4,value,11 item,5,value,13 item,6,value,15 item,7,value,17 item,8,value,19 item,9,value,21
words=2 head=8879e7d1ddf64d0bf2003727c1e665a9c86f95b5b6130b5fcf9423daa8070ebb /mnt/data/drm_staged_deploy/results/run3/workspace/inputs/report_3.csv
words=282 head=News 4 Story4-1 DRM local scheduling repeated task optimization Linux
words=12 head=runs=128 last=words=12 head=runs=127 last=words=12 head=runs=126 last=words=12 head=runs=125 last=words=282 head=News 7
words=60 head=kind,id,label,value item,1,value,6 item,2,value,9 item,3,value,12 item,4,value,15 item,5,value,18 item,6,value,21 item,7,value,24 item,8,value,27 item,9,value,30
words=2 head=0a943808eff4e6f28bc83eb4fc7068a7fe50e13fe7edcd873ced2f8d7787bd24 /mnt/data/drm_staged_deploy/results/run3/workspace/inputs/report_4.csv
words=282 head=News 5 Story5-1 DRM local scheduling repeated task optimization Linux
words=10 head=runs=129 last=words=12 head=runs=128 last=words=12 head=runs=127 last=words=12 head=runs=126 last=words=12 head=runs=125 last=words=28
words=60 head=kind,id,label,value item,1,value,7 item,2,value,11 item,3,value,15 item,4,value,19 item,5,value,23 item,6,value,27 item,7,value,31 item,8,value,35 item,9,value,39
words=2 head=cc9146f395ef7ae1434a0b7d6c12bfed7c89d2b50c9383d2b1c8f07000a4bdc4 /mnt/data/drm_staged_deploy/results/run3/workspace/inputs/report_5.csv
words=282 head=News 6 Story6-1 DRM local scheduling repeated task optimization Linux
words=10 head=runs=130 last=words=10 head=runs=129 last=words=12 head=runs=128 last=words=12 head=runs=127 last=words=12 head=runs=126 last=words=12
words=60 head=kind,id,label,value item,1,value,8 item,2,value,13 item,3,value,18 item,4,value,23 item,5,value,28 item,6,value,33 item,7,value,38 item,8,value,43 item,9,value,48
words=2 head=db85c06df1841aed75dbf9ed270ba558a91a1da037bc0e94046606c683a39976 /mnt/data/drm_staged_deploy/results/run3/workspace/inputs/report_6.csv
words=282 head=News 7 Story7-1 DRM local scheduling repeated task optimization Linux
words=10 head=runs=131 last=words=10 head=runs=130 last=words=10 head=runs=129 last=words=12 head=runs=128 last=words=12 head=runs=127 last=words=12
words=142 head=Name: drm_staged_depl Umask: 0022 State: R (running) Tgid: 12108 Ngid:
words=60 head=kind,id,label,value item,1,value,9 item,2,value,15 item,3,value,21 item,4,value,27 item,5,value,33 item,6,value,39 item,7,value,45 item,8,value,51 item,9,value,57
words=2 head=0ae198c460fd1c21821e69b79c96fdfd99233cecb8eea7516c2d65e46cf7f8e0 /mnt/data/drm_staged_deploy/results/run3/workspace/inputs/report_7.csv
words=282 head=News 0 Story0-1 DRM local scheduling repeated task optimization Linux
words=12 head=runs=133 last=words=142 head=Name: drm_staged_depl Umask: 0022 State: R (running) Tgid:
words=60 head=kind,id,label,value item,1,value,10 item,2,value,17 item,3,value,24 item,4,value,31 item,5,value,38 item,6,value,45 item,7,value,52 item,8,value,59 item,9,value,66
words=2 head=c75f0e41cc617d70619cdfce9dda430de8b48eb9422bbae21196b2f014bc91b2 /mnt/data/drm_staged_deploy/results/run3/workspace/inputs/report_8.csv
words=282 head=News 1 Story1-1 DRM local scheduling repeated task optimization Linux
words=12 head=runs=134 last=words=12 head=runs=133 last=words=142 head=Name: drm_staged_depl Umask: 0022 State: R
words=60 head=kind,id,label,value item,1,value,11 item,2,value,19 item,3,value,27 item,4,value,35 item,5,value,43 item,6,value,51 item,7,value,59 item,8,value,67 item,9,value,75
words=2 head=f2d30564a58559630b7e9430abadde7cfbdcf1da0e09d1599fcb8a484334b14f /mnt/data/drm_staged_deploy/results/run3/workspace/inputs/report_9.csv
words=282 head=News 2 Story2-1 DRM local scheduling repeated task optimization Linux
words=12 head=runs=135 last=words=12 head=runs=134 last=words=12 head=runs=133 last=words=142 head=Name: drm_staged_depl Umask: 0022
words=60 head=kind,id,label,value item,1,value,12 item,2,value,21 item,3,value,30 item,4,value,39 item,5,value,48 item,6,value,57 item,7,value,66 item,8,value,75 item,9,value,84
words=2 head=c488af3fc4d165a40bbeb3536ee13f61305618f084e1db2eb71b9d638c4a91fc /mnt/data/drm_staged_deploy/results/run3/workspace/inputs/report_10.csv
words=282 head=News 3 Story3-1 DRM local scheduling repeated task optimization Linux
words=10 head=runs=136 last=words=12 head=runs=135 last=words=12 head=runs=134 last=words=12 head=runs=133 last=words=142 head=Name: drm_staged_depl
words=60 head=kind,id,label,value item,1,value,13 item,2,value,23 item,3,value,33 item,4,value,43 item,5,value,53 item,6,value,63 item,7,value,73 item,8,value,83 item,9,value,93
words=2 head=a00683e25e4f6a17254c8327fb565d48e2a17ff1616a10fd5fdb4160d7a6f8e2 /mnt/data/drm_staged_deploy/results/run3/workspace/inputs/report_11.csv
words=282 head=News 4 Story4-1 DRM local scheduling repeated task optimization Linux
words=10 head=runs=137 last=words=10 head=runs=136 last=words=12 head=runs=135 last=words=12 head=runs=134 last=words=12 head=runs=133 last=words=14
words=60 head=kind,id,label,value item,1,value,14 item,2,value,25 item,3,value,36 item,4,value,47 item,5,value,58 item,6,value,69 item,7,value,80 item,8,value,91 item,9,value,102
words=2 head=d1233e201edccd66c74025b6d5315d4bab7ee73e0924878441597e6c964daa32 /mnt/data/drm_staged_deploy/results/run3/workspace/inputs/report_12.csv
words=282 head=News 5 Story5-1 DRM local scheduling repeated task optimization Linux
words=10 head=runs=139 last=words=10 head=runs=138 last=words=10 head=runs=137 last=words=10 head=runs=136 last=words=12 head=runs=135 last=words=12
words=60 head=kind,id,label,value item,1,value,15 item,2,value,27 item,3,value,39 item,4,value,51 item,5,value,63 item,6,value,75 item,7,value,87 item,8,value,99 item,9,value,111
words=2 head=607d11ae66a0d304bad0bdab8e6a99aa53d020c5f84fd3371740eb7019edda0f /mnt/data/drm_staged_deploy/results/run3/workspace/inputs/report_13.csv
words=282 head=News 6 Story6-1 DRM local scheduling repeated task optimization Linux
words=10 head=runs=140 last=words=10 head=runs=139 last=words=10 head=runs=138 last=words=10 head=runs=137 last=words=10 head=runs=136 last=words=12
words=60 head=kind,id,label,value item,1,value,16 item,2,value,29 item,3,value,42 item,4,value,55 item,5,value,68 item,6,value,81 item,7,value,94 item,8,value,107 item,9,value,120
words=2 head=6531a15e9941cde15c19bb8277d13eee4180713855d725bef44e82a457a633ef /mnt/data/drm_staged_deploy/results/run3/workspace/inputs/report_14.csv
words=282 head=News 7 Story7-1 DRM local scheduling repeated task optimization Linux
words=10 head=runs=141 last=words=10 head=runs=140 last=words=10 head=runs=139 last=words=10 head=runs=138 last=words=10 head=runs=137 last=words=10
words=60 head=kind,id,label,value item,1,value,17 item,2,value,31 item,3,value,45 item,4,value,59 item,5,value,73 item,6,value,87 item,7,value,101 item,8,value,115 item,9,value,129
words=2 head=5480ad2a7b71ca2ebdd943afeb9deacc275acdf06e0cdc18a93aef486ea32b46 /mnt/data/drm_staged_deploy/results/run3/workspace/inputs/report_15.csv
words=282 head=News 0 Story0-1 DRM local scheduling repeated task optimization Linux
words=10 head=runs=142 last=words=10 head=runs=141 last=words=10 head=runs=140 last=words=10 head=runs=139 last=words=10 head=runs=138 last=words=10
words=60 head=kind,id,label,value item,1,value,18 item,2,value,33 item,3,value,48 item,4,value,63 item,5,value,78 item,6,value,93 item,7,value,108 item,8,value,123 item,9,value,138
words=2 head=ab48e59df3b8a7e63a9911a9c9479e427e1126b01ba03ac460be305abd50fc38 /mnt/data/drm_staged_deploy/results/run3/workspace/inputs/report_0.csv
words=282 head=News 1 Story1-1 DRM local scheduling repeated task optimization Linux
words=10 head=runs=143 last=words=10 head=runs=142 last=words=10 head=runs=141 last=words=10 head=runs=140 last=words=10 head=runs=139 last=words=10
words=60 head=kind,id,label,value item,1,value,15 item,2,value,27 item,3,value,39 item,4,value,51 item,5,value,63 item,6,value,75 item,7,value,87 item,8,value,99 item,9,value,111
words=60 head=kind,id,label,value item,1,value,3 item,2,value,3 item,3,value,3 item,4,value,3 item,5,value,3 item,6,value,3 item,7,value,3 item,8,value,3 item,9,value,3
words=2 head=1120f06773a19a14ae04174df8bf0016933006b1913ea05d9526a994a1b26176 /mnt/data/drm_staged_deploy/results/run3/workspace/inputs/report_1.csv
words=282 head=News 2 Story2-1 DRM local scheduling repeated task optimization Linux
words=10 head=runs=144 last=words=10 head=runs=143 last=words=10 head=runs=142 last=words=10 head=runs=141 last=words=10 head=runs=140 last=words=10
words=60 head=kind,id,label,value item,1,value,4 item,2,value,5 item,3,value,6 item,4,value,7 item,5,value,8 item,6,value,9 item,7,value,10 item,8,value,11 item,9,value,12
words=2 head=91deacccf75198a449f5cc1cdc9c46d03dea4d089a324a7e2aae0c4e860d7eef /mnt/data/drm_staged_deploy/results/run3/workspace/inputs/report_2.csv
words=282 head=News 3 Story3-1 DRM local scheduling repeated task optimization Linux
words=10 head=runs=145 last=words=10 head=runs=144 last=words=10 head=runs=143 last=words=10 head=runs=142 last=words=10 head=runs=141 last=words=10
words=60 head=kind,id,label,value item,1,value,5 item,2,value,7 item,3,value,9 item,4,value,11 item,5,value,13 item,6,value,15 item,7,value,17 item,8,value,19 item,9,value,21
words=2 head=8879e7d1ddf64d0bf2003727c1e665a9c86f95b5b6130b5fcf9423daa8070ebb /mnt/data/drm_staged_deploy/results/run3/workspace/inputs/report_3.csv
words=282 head=News 4 Story4-1 DRM local scheduling repeated task optimization Linux
words=10 head=runs=146 last=words=10 head=runs=145 last=words=10 head=runs=144 last=words=10 head=runs=143 last=words=10 head=runs=142 last=words=10
words=60 head=kind,id,label,value item,1,value,6 item,2,value,9 item,3,value,12 item,4,value,15 item,5,value,18 item,6,value,21 item,7,value,24 item,8,value,27 item,9,value,30
words=2 head=0a943808eff4e6f28bc83eb4fc7068a7fe50e13fe7edcd873ced2f8d7787bd24 /mnt/data/drm_staged_deploy/results/run3/workspace/inputs/report_4.csv
words=282 head=News 5 Story5-1 DRM local scheduling repeated task optimization Linux
words=10 head=runs=147 last=words=10 head=runs=146 last=words=10 head=runs=145 last=words=10 head=runs=144 last=words=10 head=runs=143 last=words=10
words=60 head=kind,id,label,value item,1,value,7 item,2,value,11 item,3,value,15 item,4,value,19 item,5,value,23 item,6,value,27 item,7,value,31 item,8,value,35 item,9,value,39
words=2 head=cc9146f395ef7ae1434a0b7d6c12bfed7c89d2b50c9383d2b1c8f07000a4bdc4 /mnt/data/drm_staged_deploy/results/run3/workspace/inputs/report_5.csv
words=282 head=News 6 Story6-1 DRM local scheduling repeated task optimization Linux
words=10 head=runs=148 last=words=10 head=runs=147 last=words=10 head=runs=146 last=words=10 head=runs=145 last=words=10 head=runs=144 last=words=10
words=60 head=kind,id,label,value item,1,value,8 item,2,value,13 item,3,value,18 item,4,value,23 item,5,value,28 item,6,value,33 item,7,value,38 item,8,value,43 item,9,value,48
words=2 head=db85c06df1841aed75dbf9ed270ba558a91a1da037bc0e94046606c683a39976 /mnt/data/drm_staged_deploy/results/run3/workspace/inputs/report_6.csv
words=282 head=News 7 Story7-1 DRM local scheduling repeated task optimization Linux
words=10 head=runs=150 last=words=10 head=runs=149 last=words=10 head=runs=148 last=words=10 head=runs=147 last=words=10 head=runs=146 last=words=10
words=60 head=kind,id,label,value item,1,value,9 item,2,value,15 item,3,value,21 item,4,value,27 item,5,value,33 item,6,value,39 item,7,value,45 item,8,value,51 item,9,value,57
words=2 head=0ae198c460fd1c21821e69b79c96fdfd99233cecb8eea7516c2d65e46cf7f8e0 /mnt/data/drm_staged_deploy/results/run3/workspace/inputs/report_7.csv
words=282 head=News 0 Story0-1 DRM local scheduling repeated task optimization Linux
words=10 head=runs=151 last=words=10 head=runs=150 last=words=10 head=runs=149 last=words=10 head=runs=148 last=words=10 head=runs=147 last=words=10
words=60 head=kind,id,label,value item,1,value,10 item,2,value,17 item,3,value,24 item,4,value,31 item,5,value,38 item,6,value,45 item,7,value,52 item,8,value,59 item,9,value,66
words=2 head=c75f0e41cc617d70619cdfce9dda430de8b48eb9422bbae21196b2f014bc91b2 /mnt/data/drm_staged_deploy/results/run3/workspace/inputs/report_8.csv
words=282 head=News 1 Story1-1 DRM local scheduling repeated task optimization Linux
words=10 head=runs=152 last=words=10 head=runs=151 last=words=10 head=runs=150 last=words=10 head=runs=149 last=words=10 head=runs=148 last=words=10
words=60 head=kind,id,label,value item,1,value,11 item,2,value,19 item,3,value,27 item,4,value,35 item,5,value,43 item,6,value,51 item,7,value,59 item,8,value,67 item,9,value,75
words=2 head=f2d30564a58559630b7e9430abadde7cfbdcf1da0e09d1599fcb8a484334b14f /mnt/data/drm_staged_deploy/results/run3/workspace/inputs/report_9.csv
words=282 head=News 2 Story2-1 DRM local scheduling repeated task optimization Linux
words=10 head=runs=153 last=words=10 head=runs=152 last=words=10 head=runs=151 last=words=10 head=runs=150 last=words=10 head=runs=149 last=words=10
words=60 head=kind,id,label,value item,1,value,12 item,2,value,21 item,3,value,30 item,4,value,39 item,5,value,48 item,6,value,57 item,7,value,66 item,8,value,75 item,9,value,84
words=2 head=c488af3fc4d165a40bbeb3536ee13f61305618f084e1db2eb71b9d638c4a91fc /mnt/data/drm_staged_deploy/results/run3/workspace/inputs/report_10.csv
words=282 head=News 3 Story3-1 DRM local scheduling repeated task optimization Linux
words=10 head=runs=154 last=words=10 head=runs=153 last=words=10 head=runs=152 last=words=10 head=runs=151 last=words=10 head=runs=150 last=words=10
words=60 head=kind,id,label,value item,1,value,13 item,2,value,23 item,3,value,33 item,4,value,43 item,5,value,53 item,6,value,63 item,7,value,73 item,8,value,83 item,9,value,93
words=2 head=a00683e25e4f6a17254c8327fb565d48e2a17ff1616a10fd5fdb4160d7a6f8e2 /mnt/data/drm_staged_deploy/results/run3/workspace/inputs/report_11.csv
words=282 head=News 4 Story4-1 DRM local scheduling repeated task optimization Linux
words=10 head=runs=155 last=words=10 head=runs=154 last=words=10 head=runs=153 last=words=10 head=runs=152 last=words=10 head=runs=151 last=words=10
words=60 head=kind,id,label,value item,1,value,14 item,2,value,25 item,3,value,36 item,4,value,47 item,5,value,58 item,6,value,69 item,7,value,80 item,8,value,91 item,9,value,102
words=2 head=d1233e201edccd66c74025b6d5315d4bab7ee73e0924878441597e6c964daa32 /mnt/data/drm_staged_deploy/results/run3/workspace/inputs/report_12.csv
words=282 head=News 5 Story5-1 DRM local scheduling repeated task optimization Linux
words=10 head=runs=156 last=words=10 head=runs=155 last=words=10 head=runs=154 last=words=10 head=runs=153 last=words=10 head=runs=152 last=words=10
words=60 head=kind,id,label,value item,1,value,15 item,2,value,27 item,3,value,39 item,4,value,51 item,5,value,63 item,6,value,75 item,7,value,87 item,8,value,99 item,9,value,111
words=2 head=607d11ae66a0d304bad0bdab8e6a99aa53d020c5f84fd3371740eb7019edda0f /mnt/data/drm_staged_deploy/results/run3/workspace/inputs/report_13.csv
words=282 head=News 6 Story6-1 DRM local scheduling repeated task optimization Linux
words=10 head=runs=157 last=words=10 head=runs=156 last=words=10 head=runs=155 last=words=10 head=runs=154 last=words=10 head=runs=153 last=words=10
words=60 head=kind,id,label,value item,1,value,16 item,2,value,29 item,3,value,42 item,4,value,55 item,5,value,68 item,6,value,81 item,7,value,94 item,8,value,107 item,9,value,120
words=2 head=6531a15e9941cde15c19bb8277d13eee4180713855d725bef44e82a457a633ef /mnt/data/drm_staged_deploy/results/run3/workspace/inputs/report_14.csv
words=282 head=News 7 Story7-1 DRM local scheduling repeated task optimization Linux
words=10 head=runs=158 last=words=10 head=runs=157 last=words=10 head=runs=156 last=words=10 head=runs=155 last=words=10 head=runs=154 last=words=10
words=60 head=kind,id,label,value item,1,value,17 item,2,value,31 item,3,value,45 item,4,value,59 item,5,value,73 item,6,value,87 item,7,value,101 item,8,value,115 item,9,value,129
words=2 head=5480ad2a7b71ca2ebdd943afeb9deacc275acdf06e0cdc18a93aef486ea32b46 /mnt/data/drm_staged_deploy/results/run3/workspace/inputs/report_15.csv
words=282 head=News 0 Story0-1 DRM local scheduling repeated task optimization Linux
words=10 head=runs=159 last=words=10 head=runs=158 last=words=10 head=runs=157 last=words=10 head=runs=156 last=words=10 head=runs=155 last=words=10
words=60 head=kind,id,label,value item,1,value,18 item,2,value,33 item,3,value,48 item,4,value,63 item,5,value,78 item,6,value,93 item,7,value,108 item,8,value,123 item,9,value,138
words=2 head=ab48e59df3b8a7e63a9911a9c9479e427e1126b01ba03ac460be305abd50fc38 /mnt/data/drm_staged_deploy/results/run3/workspace/inputs/report_0.csv
words=282 head=News 1 Story1-1 DRM local scheduling repeated task optimization Linux
words=9 head=runs=162 last=words=7 head=runs=161 last=words=5 head=ipc-ok:kind,id,label,value item,1,value,18 item,2,value,33 item,3,value,48 item,
words=60 head=kind,id,label,value item,1,value,3 item,2,value,3 item,3,value,3 item,4,value,3 item,5,value,3 item,6,value,3 item,7,value,3 item,8,value,3 item,9,value,3
words=2 head=1120f06773a19a14ae04174df8bf0016933006b1913ea05d9526a994a1b26176 /mnt/data/drm_staged_deploy/results/run3/workspace/inputs/report_1.csv
words=282 head=News 2 Story2-1 DRM local scheduling repeated task optimization Linux
words=9 head=runs=163 last=words=9 head=runs=162 last=words=7 head=runs=161 last=words=5 head=ipc-ok:kind,id,label,value item,1,value,18 item,2,val
words=60 head=kind,id,label,value item,1,value,4 item,2,value,5 item,3,value,6 item,4,value,7 item,5,value,8 item,6,value,9 item,7,value,10 item,8,value,11 item,9,value,12
words=2 head=91deacccf75198a449f5cc1cdc9c46d03dea4d089a324a7e2aae0c4e860d7eef /mnt/data/drm_staged_deploy/results/run3/workspace/inputs/report_2.csv
words=282 head=News 3 Story3-1 DRM local scheduling repeated task optimization Linux
words=9 head=runs=164 last=words=9 head=runs=163 last=words=9 head=runs=162 last=words=7 head=runs=161 last=words=5 head=ipc-ok:kind,id,label,value
words=60 head=kind,id,label,value item,1,value,5 item,2,value,7 item,3,value,9 item,4,value,11 item,5,value,13 item,6,value,15 item,7,value,17 item,8,value,19 item,9,value,21
words=2 head=8879e7d1ddf64d0bf2003727c1e665a9c86f95b5b6130b5fcf9423daa8070ebb /mnt/data/drm_staged_deploy/results/run3/workspace/inputs/report_3.csv
words=282 head=News 4 Story4-1 DRM local scheduling repeated task optimization Linux
words=11 head=runs=165 last=words=9 head=runs=164 last=words=9 head=runs=163 last=words=9 head=runs=162 last=words=7 head=runs=161 last=words=5
words=60 head=kind,id,label,value item,1,value,6 item,2,value,9 item,3,value,12 item,4,value,15 item,5,value,18 item,6,value,21 item,7,value,24 item,8,value,27 item,9,value,30
words=2 head=0a943808eff4e6f28bc83eb4fc7068a7fe50e13fe7edcd873ced2f8d7787bd24 /mnt/data/drm_staged_deploy/results/run3/workspace/inputs/report_4.csv
words=282 head=News 5 Story5-1 DRM local scheduling repeated task optimization Linux
words=11 head=runs=166 last=words=11 head=runs=165 last=words=9 head=runs=164 last=words=9 head=runs=163 last=words=9 head=runs=162 last=words=7
ipc-ok:words=60 head=kind,id,label,value item,1,value,3 item,2,value,3 item,3,value,3 i
words=60 head=kind,id,label,value item,1,value,7 item,2,value,11 item,3,value,15 item,4,value,19 item,5,value,23 item,6,value,27 item,7,value,31 item,8,value,35 item,9,value,39
words=2 head=cc9146f395ef7ae1434a0b7d6c12bfed7c89d2b50c9383d2b1c8f07000a4bdc4 /mnt/data/drm_staged_deploy/results/run3/workspace/inputs/report_5.csv
words=282 head=News 6 Story6-1 DRM local scheduling repeated task optimization Linux
words=7 head=runs=168 last=ipc-ok:words=60 head=kind,id,label,value item,1,value,3 item,2,value,3 item,3,value,3 i
words=60 head=kind,id,label,value item,1,value,8 item,2,value,13 item,3,value,18 item,4,value,23 item,5,value,28 item,6,value,33 item,7,value,38 item,8,value,43 item,9,value,48
words=2 head=db85c06df1841aed75dbf9ed270ba558a91a1da037bc0e94046606c683a39976 /mnt/data/drm_staged_deploy/results/run3/workspace/inputs/report_6.csv
words=282 head=News 7 Story7-1 DRM local scheduling repeated task optimization Linux
words=9 head=runs=169 last=words=7 head=runs=168 last=ipc-ok:words=60 head=kind,id,label,value item,1,value,3 item,2,value,3 item,3,value,3 i
words=60 head=kind,id,label,value item,1,value,9 item,2,value,15 item,3,value,21 item,4,value,27 item,5,value,33 item,6,value,39 item,7,value,45 item,8,value,51 item,9,value,57
words=2 head=0ae198c460fd1c21821e69b79c96fdfd99233cecb8eea7516c2d65e46cf7f8e0 /mnt/data/drm_staged_deploy/results/run3/workspace/inputs/report_7.csv
words=282 head=News 0 Story0-1 DRM local scheduling repeated task optimization Linux
words=9 head=runs=170 last=words=9 head=runs=169 last=words=7 head=runs=168 last=ipc-ok:words=60 head=kind,id,label,value item,1,value,3 item,2,val
words=60 head=kind,id,label,value item,1,value,10 item,2,value,17 item,3,value,24 item,4,value,31 item,5,value,38 item,6,value,45 item,7,value,52 item,8,value,59 item,9,value,66
words=2 head=c75f0e41cc617d70619cdfce9dda430de8b48eb9422bbae21196b2f014bc91b2 /mnt/data/drm_staged_deploy/results/run3/workspace/inputs/report_8.csv
words=282 head=News 1 Story1-1 DRM local scheduling repeated task optimization Linux
words=9 head=runs=171 last=words=9 head=runs=170 last=words=9 head=runs=169 last=words=7 head=runs=168 last=ipc-ok:words=60 head=kind,id,label,valu
words=60 head=kind,id,label,value item,1,value,11 item,2,value,19 item,3,value,27 item,4,value,35 item,5,value,43 item,6,value,51 item,7,value,59 item,8,value,67 item,9,value,75
words=2 head=f2d30564a58559630b7e9430abadde7cfbdcf1da0e09d1599fcb8a484334b14f /mnt/data/drm_staged_deploy/results/run3/workspace/inputs/report_9.csv
words=282 head=News 2 Story2-1 DRM local scheduling repeated task optimization Linux
words=10 head=runs=172 last=words=9 head=runs=171 last=words=9 head=runs=170 last=words=9 head=runs=169 last=words=7 head=runs=168 last=ipc-ok:words
words=60 head=kind,id,label,value item,1,value,12 item,2,value,21 item,3,value,30 item,4,value,39 item,5,value,48 item,6,value,57 item,7,value,66 item,8,value,75 item,9,value,84
words=2 head=c488af3fc4d165a40bbeb3536ee13f61305618f084e1db2eb71b9d638c4a91fc /mnt/data/drm_staged_deploy/results/run3/workspace/inputs/report_10.csv
words=282 head=News 3 Story3-1 DRM local scheduling repeated task optimization Linux
words=11 head=runs=175 last=words=11 head=runs=174 last=words=11 head=runs=173 last=words=10 head=runs=172 last=words=9 head=runs=171 last=words=9
words=60 head=kind,id,label,value item,1,value,13 item,2,value,23 item,3,value,33 item,4,value,43 item,5,value,53 item,6,value,63 item,7,value,73 item,8,value,83 item,9,value,93
words=2 head=a00683e25e4f6a17254c8327fb565d48e2a17ff1616a10fd5fdb4160d7a6f8e2 /mnt/data/drm_staged_deploy/results/run3/workspace/inputs/report_11.csv
words=282 head=News 4 Story4-1 DRM local scheduling repeated task optimization Linux
words=10 head=runs=176 last=words=11 head=runs=175 last=words=11 head=runs=174 last=words=11 head=runs=173 last=words=10 head=runs=172 last=words=9
words=60 head=kind,id,label,value item,1,value,14 item,2,value,25 item,3,value,36 item,4,value,47 item,5,value,58 item,6,value,69 item,7,value,80 item,8,value,91 item,9,value,102
words=2 head=d1233e201edccd66c74025b6d5315d4bab7ee73e0924878441597e6c964daa32 /mnt/data/drm_staged_deploy/results/run3/workspace/inputs/report_12.csv
words=282 head=News 5 Story5-1 DRM local scheduling repeated task optimization Linux
words=10 head=runs=177 last=words=10 head=runs=176 last=words=11 head=runs=175 last=words=11 head=runs=174 last=words=11 head=runs=173 last=words=10
words=60 head=kind,id,label,value item,1,value,15 item,2,value,27 item,3,value,39 item,4,value,51 item,5,value,63 item,6,value,75 item,7,value,87 item,8,value,99 item,9,value,111
words=2 head=607d11ae66a0d304bad0bdab8e6a99aa53d020c5f84fd3371740eb7019edda0f /mnt/data/drm_staged_deploy/results/run3/workspace/inputs/report_13.csv
words=282 head=News 6 Story6-1 DRM local scheduling repeated task optimization Linux
words=10 head=runs=178 last=words=10 head=runs=177 last=words=10 head=runs=176 last=words=11 head=runs=175 last=words=11 head=runs=174 last=words=11
words=60 head=kind,id,label,value item,1,value,16 item,2,value,29 item,3,value,42 item,4,value,55 item,5,value,68 item,6,value,81 item,7,value,94 item,8,value,107 item,9,value,120
words=2 head=6531a15e9941cde15c19bb8277d13eee4180713855d725bef44e82a457a633ef /mnt/data/drm_staged_deploy/results/run3/workspace/inputs/report_14.csv
words=282 head=News 7 Story7-1 DRM local scheduling repeated task optimization Linux
words=10 head=runs=179 last=words=10 head=runs=178 last=words=10 head=runs=177 last=words=10 head=runs=176 last=words=11 head=runs=175 last=words=11
words=10 head=runs=180 last=words=10 head=runs=179 last=words=10 head=runs=178 last=words=10 head=runs=177 last=words=10 head=runs=176 last=words=11
words=60 head=kind,id,label,value item,1,value,17 item,2,value,31 item,3,value,45 item,4,value,59 item,5,value,73 item,6,value,87 item,7,value,101 item,8,value,115 item,9,value,129
words=2 head=5480ad2a7b71ca2ebdd943afeb9deacc275acdf06e0cdc18a93aef486ea32b46 /mnt/data/drm_staged_deploy/results/run3/workspace/inputs/report_15.csv
words=282 head=News 0 Story0-1 DRM local scheduling repeated task optimization Linux
words=10 head=runs=180 last=words=10 head=runs=179 last=words=10 head=runs=178 last=words=10 head=runs=177 last=words=10 head=runs=176 last=words=11
words=60 head=kind,id,label,value item,1,value,18 item,2,value,33 item,3,value,48 item,4,value,63 item,5,value,78 item,6,value,93 item,7,value,108 item,8,value,123 item,9,value,138
words=2 head=ab48e59df3b8a7e63a9911a9c9479e427e1126b01ba03ac460be305abd50fc38 /mnt/data/drm_staged_deploy/results/run3/workspace/inputs/report_0.csv
words=282 head=News 1 Story1-1 DRM local scheduling repeated task optimization Linux
words=10 head=runs=181 last=words=10 head=runs=180 last=words=10 head=runs=179 last=words=10 head=runs=178 last=words=10 head=runs=177 last=words=10
words=60 head=kind,id,label,value item,1,value,3 item,2,value,3 item,3,value,3 item,4,value,3 item,5,value,3 item,6,value,3 item,7,value,3 item,8,value,3 item,9,value,3
words=2 head=1120f06773a19a14ae04174df8bf0016933006b1913ea05d9526a994a1b26176 /mnt/data/drm_staged_deploy/results/run3/workspace/inputs/report_1.csv
words=282 head=News 2 Story2-1 DRM local scheduling repeated task optimization Linux
words=10 head=runs=182 last=words=10 head=runs=181 last=words=10 head=runs=180 last=words=10 head=runs=179 last=words=10 head=runs=178 last=words=10
words=60 head=kind,id,label,value item,1,value,4 item,2,value,5 item,3,value,6 item,4,value,7 item,5,value,8 item,6,value,9 item,7,value,10 item,8,value,11 item,9,value,12
words=2 head=91deacccf75198a449f5cc1cdc9c46d03dea4d089a324a7e2aae0c4e860d7eef /mnt/data/drm_staged_deploy/results/run3/workspace/inputs/report_2.csv
words=282 head=News 3 Story3-1 DRM local scheduling repeated task optimization Linux
words=10 head=runs=183 last=words=10 head=runs=182 last=words=10 head=runs=181 last=words=10 head=runs=180 last=words=10 head=runs=179 last=words=10
words=60 head=kind,id,label,value item,1,value,5 item,2,value,7 item,3,value,9 item,4,value,11 item,5,value,13 item,6,value,15 item,7,value,17 item,8,value,19 item,9,value,21
words=2 head=8879e7d1ddf64d0bf2003727c1e665a9c86f95b5b6130b5fcf9423daa8070ebb /mnt/data/drm_staged_deploy/results/run3/workspace/inputs/report_3.csv
words=282 head=News 4 Story4-1 DRM local scheduling repeated task optimization Linux
words=10 head=runs=184 last=words=10 head=runs=183 last=words=10 head=runs=182 last=words=10 head=runs=181 last=words=10 head=runs=180 last=words=10
words=282 head=News 3 Story3-1 DRM local scheduling repeated task optimization Linux
words=60 head=kind,id,label,value item,1,value,6 item,2,value,9 item,3,value,12 item,4,value,15 item,5,value,18 item,6,value,21 item,7,value,24 item,8,value,27 item,9,value,30
words=2 head=0a943808eff4e6f28bc83eb4fc7068a7fe50e13fe7edcd873ced2f8d7787bd24 /mnt/data/drm_staged_deploy/results/run3/workspace/inputs/report_4.csv
words=282 head=News 5 Story5-1 DRM local scheduling repeated task optimization Linux
words=12 head=runs=187 last=words=12 head=runs=186 last=words=282 head=News 3 Story3-1 DRM local scheduling
words=60 head=kind,id,label,value item,1,value,7 item,2,value,11 item,3,value,15 item,4,value,19 item,5,value,23 item,6,value,27 item,7,value,31 item,8,value,35 item,9,value,39
words=2 head=cc9146f395ef7ae1434a0b7d6c12bfed7c89d2b50c9383d2b1c8f07000a4bdc4 /mnt/data/drm_staged_deploy/results/run3/workspace/inputs/report_5.csv
words=282 head=News 6 Story6-1 DRM local scheduling repeated task optimization Linux
words=12 head=runs=188 last=words=12 head=runs=187 last=words=12 head=runs=186 last=words=282 head=News 3 Story3-1 DRM
words=60 head=kind,id,label,value item,1,value,8 item,2,value,13 item,3,value,18 item,4,value,23 item,5,value,28 item,6,value,33 item,7,value,38 item,8,value,43 item,9,value,48
words=2 head=db85c06df1841aed75dbf9ed270ba558a91a1da037bc0e94046606c683a39976 /mnt/data/drm_staged_deploy/results/run3/workspace/inputs/report_6.csv
words=282 head=News 7 Story7-1 DRM local scheduling repeated task optimization Linux
words=12 head=runs=189 last=words=12 head=runs=188 last=words=12 head=runs=187 last=words=12 head=runs=186 last=words=282 head=News 3
words=60 head=kind,id,label,value item,1,value,9 item,2,value,15 item,3,value,21 item,4,value,27 item,5,value,33 item,6,value,39 item,7,value,45 item,8,value,51 item,9,value,57
words=2 head=0ae198c460fd1c21821e69b79c96fdfd99233cecb8eea7516c2d65e46cf7f8e0 /mnt/data/drm_staged_deploy/results/run3/workspace/inputs/report_7.csv
words=282 head=News 0 Story0-1 DRM local scheduling repeated task optimization Linux
words=10 head=runs=190 last=words=12 head=runs=189 last=words=12 head=runs=188 last=words=12 head=runs=187 last=words=12 head=runs=186 last=words=28
words=60 head=kind,id,label,value item,1,value,10 item,2,value,17 item,3,value,24 item,4,value,31 item,5,value,38 item,6,value,45 item,7,value,52 item,8,value,59 item,9,value,66
words=2 head=c75f0e41cc617d70619cdfce9dda430de8b48eb9422bbae21196b2f014bc91b2 /mnt/data/drm_staged_deploy/results/run3/workspace/inputs/report_8.csv
words=282 head=News 1 Story1-1 DRM local scheduling repeated task optimization Linux
words=10 head=runs=191 last=words=10 head=runs=190 last=words=12 head=runs=189 last=words=12 head=runs=188 last=words=12 head=runs=187 last=words=12
ipc-ok:words=2 head=0a943808eff4e6f28bc83eb4fc7068a7fe50e13fe7edcd873ced2f8d7787bd24 /m
words=60 head=kind,id,label,value item,1,value,11 item,2,value,19 item,3,value,27 item,4,value,35 item,5,value,43 item,6,value,51 item,7,value,59 item,8,value,67 item,9,value,75
words=2 head=f2d30564a58559630b7e9430abadde7cfbdcf1da0e09d1599fcb8a484334b14f /mnt/data/drm_staged_deploy/results/run3/workspace/inputs/report_9.csv
words=282 head=News 2 Story2-1 DRM local scheduling repeated task optimization Linux
words=10 head=runs=192 last=words=10 head=runs=191 last=words=10 head=runs=190 last=words=12 head=runs=189 last=words=12 head=runs=188 last=words=12
words=60 head=kind,id,label,value item,1,value,12 item,2,value,21 item,3,value,30 item,4,value,39 item,5,value,48 item,6,value,57 item,7,value,66 item,8,value,75 item,9,value,84
words=2 head=c488af3fc4d165a40bbeb3536ee13f61305618f084e1db2eb71b9d638c4a91fc /mnt/data/drm_staged_deploy/results/run3/workspace/inputs/report_10.csv
words=282 head=News 3 Story3-1 DRM local scheduling repeated task optimization Linux
words=10 head=runs=193 last=words=10 head=runs=192 last=words=10 head=runs=191 last=words=10 head=runs=190 last=words=12 head=runs=189 last=words=12
words=60 head=kind,id,label,value item,1,value,13 item,2,value,23 item,3,value,33 item,4,value,43 item,5,value,53 item,6,value,63 item,7,value,73 item,8,value,83 item,9,value,93
words=2 head=a00683e25e4f6a17254c8327fb565d48e2a17ff1616a10fd5fdb4160d7a6f8e2 /mnt/data/drm_staged_deploy/results/run3/workspace/inputs/report_11.csv
words=282 head=News 4 Story4-1 DRM local scheduling repeated task optimization Linux
words=10 head=runs=194 last=words=10 head=runs=193 last=words=10 head=runs=192 last=words=10 head=runs=191 last=words=10 head=runs=190 last=words=12
words=60 head=kind,id,label,value item,1,value,14 item,2,value,25 item,3,value,36 item,4,value,47 item,5,value,58 item,6,value,69 item,7,value,80 item,8,value,91 item,9,value,102
words=2 head=d1233e201edccd66c74025b6d5315d4bab7ee73e0924878441597e6c964daa32 /mnt/data/drm_staged_deploy/results/run3/workspace/inputs/report_12.csv
words=282 head=News 5 Story5-1 DRM local scheduling repeated task optimization Linux
words=10 head=runs=195 last=words=10 head=runs=194 last=words=10 head=runs=193 last=words=10 head=runs=192 last=words=10 head=runs=191 last=words=10
